// Jest Snapshot v1, https://goo.gl/fbAQLP

exports[`Pruebas en <GifItem.jsx/> should match with snapshopt 1`] = `
<div>
  <div
    class="card"
  >
    <img
      alt="Alex"
      src="http://google.com/"
    />
    <p>
      Alex
    </p>
  </div>
</div>
`;
